{
  "AnyAlias": {
    "enum": [],
    "fields": null,
    "is_a": [
      "primitive_widens.BiggerWidens"
    ],
    "tags": [],
    "trim": false,
    "variance": "Covariant"
  },
  "BiggerWidens": {
    "enum": [],
    "fields": null,
    "is_a": [
      "any"
    ],
    "tags": [],
    "trim": false,
    "variance": "Covariant"
  },
  "IntAlias": {
    "enum": [],
    "fields": null,
    "is_a": [
      "int"
    ],
    "tags": [],
    "trim": false,
    "variance": "Covariant"
  },
  "ReferenceRemains": {
    "enum": [],
    "fields": null,
    "is_a": [
      "primitive_widens.IntAlias"
    ],
    "tags": [],
    "trim": false,
    "variance": "Covariant"
  },
  "ReferenceRemainsRight": {
    "enum": [],
    "fields": null,
    "is_a": [
      "int"
    ],
    "tags": [],
    "trim": false,
    "variance": "Covariant"
  },
  "StaysNarrow": {
    "enum": [],
    "fields": null,
    "is_a": [
      "string"
    ],
    "tags": [],
    "trim": false,
    "variance": "Covariant"
  },
  "Widens": {
    "enum": [],
    "fields": null,
    "is_a": [
      "any"
    ],
    "tags": [],
    "trim": false,
    "variance": "Covariant"
  }
}
